Archive member included to satisfy reference by file (symbol)

c:/program files (x86)/atmel/studio/7.0/toolchain/arm/arm-gnu-toolchain/bin/../lib/gcc/arm-none-eabi/6.3.1/../../../../arm-none-eabi/lib/thumb/v7-m\libc.a(lib_a-exit.o)
                              c:/program files (x86)/atmel/studio/7.0/toolchain/arm/arm-gnu-toolchain/bin/../lib/gcc/arm-none-eabi/6.3.1/../../../../arm-none-eabi/lib/thumb/v7-m/crt0.o (exit)
c:/program files (x86)/atmel/studio/7.0/toolchain/arm/arm-gnu-toolchain/bin/../lib/gcc/arm-none-eabi/6.3.1/../../../../arm-none-eabi/lib/thumb/v7-m\libc.a(lib_a-impure.o)
                              c:/program files (x86)/atmel/studio/7.0/toolchain/arm/arm-gnu-toolchain/bin/../lib/gcc/arm-none-eabi/6.3.1/../../../../arm-none-eabi/lib/thumb/v7-m\libc.a(lib_a-exit.o) (_global_impure_ptr)
c:/program files (x86)/atmel/studio/7.0/toolchain/arm/arm-gnu-toolchain/bin/../lib/gcc/arm-none-eabi/6.3.1/../../../../arm-none-eabi/lib/thumb/v7-m\libc.a(lib_a-init.o)
                              c:/program files (x86)/atmel/studio/7.0/toolchain/arm/arm-gnu-toolchain/bin/../lib/gcc/arm-none-eabi/6.3.1/../../../../arm-none-eabi/lib/thumb/v7-m/crt0.o (__libc_init_array)
c:/program files (x86)/atmel/studio/7.0/toolchain/arm/arm-gnu-toolchain/bin/../lib/gcc/arm-none-eabi/6.3.1/../../../../arm-none-eabi/lib/thumb/v7-m\libc.a(lib_a-memset.o)
                              c:/program files (x86)/atmel/studio/7.0/toolchain/arm/arm-gnu-toolchain/bin/../lib/gcc/arm-none-eabi/6.3.1/../../../../arm-none-eabi/lib/thumb/v7-m/crt0.o (memset)
c:/program files (x86)/atmel/studio/7.0/toolchain/arm/arm-gnu-toolchain/bin/../lib/gcc/arm-none-eabi/6.3.1/../../../../arm-none-eabi/lib/thumb/v7-m\libc.a(lib_a-__call_atexit.o)
                              c:/program files (x86)/atmel/studio/7.0/toolchain/arm/arm-gnu-toolchain/bin/../lib/gcc/arm-none-eabi/6.3.1/../../../../arm-none-eabi/lib/thumb/v7-m\libc.a(lib_a-exit.o) (__call_exitprocs)
c:/program files (x86)/atmel/studio/7.0/toolchain/arm/arm-gnu-toolchain/bin/../lib/gcc/arm-none-eabi/6.3.1/../../../../arm-none-eabi/lib/thumb/v7-m\libc.a(lib_a-atexit.o)
                              c:/program files (x86)/atmel/studio/7.0/toolchain/arm/arm-gnu-toolchain/bin/../lib/gcc/arm-none-eabi/6.3.1/../../../../arm-none-eabi/lib/thumb/v7-m\libc.a(lib_a-__call_atexit.o) (atexit)
c:/program files (x86)/atmel/studio/7.0/toolchain/arm/arm-gnu-toolchain/bin/../lib/gcc/arm-none-eabi/6.3.1/../../../../arm-none-eabi/lib/thumb/v7-m\libc.a(lib_a-fini.o)
                              c:/program files (x86)/atmel/studio/7.0/toolchain/arm/arm-gnu-toolchain/bin/../lib/gcc/arm-none-eabi/6.3.1/../../../../arm-none-eabi/lib/thumb/v7-m\libc.a(lib_a-__call_atexit.o) (__libc_fini_array)
c:/program files (x86)/atmel/studio/7.0/toolchain/arm/arm-gnu-toolchain/bin/../lib/gcc/arm-none-eabi/6.3.1/../../../../arm-none-eabi/lib/thumb/v7-m\libc.a(lib_a-lock.o)
                              c:/program files (x86)/atmel/studio/7.0/toolchain/arm/arm-gnu-toolchain/bin/../lib/gcc/arm-none-eabi/6.3.1/../../../../arm-none-eabi/lib/thumb/v7-m\libc.a(lib_a-__call_atexit.o) (__retarget_lock_acquire_recursive)
c:/program files (x86)/atmel/studio/7.0/toolchain/arm/arm-gnu-toolchain/bin/../lib/gcc/arm-none-eabi/6.3.1/../../../../arm-none-eabi/lib/thumb/v7-m\libc.a(lib_a-__atexit.o)
                              c:/program files (x86)/atmel/studio/7.0/toolchain/arm/arm-gnu-toolchain/bin/../lib/gcc/arm-none-eabi/6.3.1/../../../../arm-none-eabi/lib/thumb/v7-m\libc.a(lib_a-atexit.o) (__register_exitproc)

Allocating common symbols
Common symbol       size              file

__lock___atexit_recursive_mutex
                    0x1               c:/program files (x86)/atmel/studio/7.0/toolchain/arm/arm-gnu-toolchain/bin/../lib/gcc/arm-none-eabi/6.3.1/../../../../arm-none-eabi/lib/thumb/v7-m\libc.a(lib_a-lock.o)
__lock___arc4random_mutex
                    0x1               c:/program files (x86)/atmel/studio/7.0/toolchain/arm/arm-gnu-toolchain/bin/../lib/gcc/arm-none-eabi/6.3.1/../../../../arm-none-eabi/lib/thumb/v7-m\libc.a(lib_a-lock.o)
__lock___env_recursive_mutex
                    0x1               c:/program files (x86)/atmel/studio/7.0/toolchain/arm/arm-gnu-toolchain/bin/../lib/gcc/arm-none-eabi/6.3.1/../../../../arm-none-eabi/lib/thumb/v7-m\libc.a(lib_a-lock.o)
__lock___sinit_recursive_mutex
                    0x1               c:/program files (x86)/atmel/studio/7.0/toolchain/arm/arm-gnu-toolchain/bin/../lib/gcc/arm-none-eabi/6.3.1/../../../../arm-none-eabi/lib/thumb/v7-m\libc.a(lib_a-lock.o)
message             0xc               main.o
__lock___malloc_recursive_mutex
                    0x1               c:/program files (x86)/atmel/studio/7.0/toolchain/arm/arm-gnu-toolchain/bin/../lib/gcc/arm-none-eabi/6.3.1/../../../../arm-none-eabi/lib/thumb/v7-m\libc.a(lib_a-lock.o)
rx_buffer           0x42              uart.o
__lock___at_quick_exit_mutex
[...]
Memory Configuration

Name             Origin             Length             Attributes
rom              0x00080000         0x00080000         xr
ram              0x20000000         0x00018000         xrw
*default*        0x00000000         0xffffffff

Linker script and memory map

LOAD c:/program files (x86)/atmel/studio/7.0/toolchain/arm/arm-gnu-toolchain/bin/../lib/gcc/arm-none-eabi/6.3.1/thumb/v7-m/crti.o
LOAD c:/program files (x86)/atmel/studio/7.0/toolchain/arm/arm-gnu-toolchain/bin/../lib/gcc/arm-none-eabi/6.3.1/thumb/v7-m/crtbegin.o
LOAD c:/program files (x86)/atmel/studio/7.0/toolchain/arm/arm-gnu-toolchain/bin/../lib/gcc/arm-none-eabi/6.3.1/../../../../arm-none-eabi/lib/thumb/v7-m/crt0.o
LOAD can_controller.o
LOAD can_interrupt.o
LOAD Device_Startup/startup_sam3xa.o
LOAD Device_Startup/system_sam3xa.o
LOAD Led_blink.o
LOAD main.o
LOAD printf-stdarg.o
LOAD pwm.o
LOAD uart.o
START GROUP
LOAD c:/program files (x86)/atmel/studio/7.0/toolchain/arm/arm-gnu-toolchain/bin/../lib/gcc/arm-none-eabi/6.3.1/../../../../arm-none-eabi/lib/thumb/v7-m\libm.a
END GROUP
START GROUP
LOAD c:/program files (x86)/atmel/studio/7.0/toolchain/arm/arm-gnu-toolchain/bin/../lib/gcc/arm-none-eabi/6.3.1/thumb/v7-m\libgcc.a
LOAD c:/program files (x86)/atmel/studio/7.0/toolchain/arm/arm-gnu-toolchain/bin/../lib/gcc/arm-none-eabi/6.3.1/../../../../arm-none-eabi/lib/thumb/v7-m\libc.a
END GROUP
LOAD c:/program files (x86)/atmel/studio/7.0/toolchain/arm/arm-gnu-toolchain/bin/../lib/gcc/arm-none-eabi/6.3.1/thumb/v7-m/crtend.o
LOAD c:/program files (x86)/atmel/studio/7.0/toolchain/arm/arm-gnu-toolchain/bin/../lib/gcc/arm-none-eabi/6.3.1/thumb/v7-m/crtn.o
                0x00000400                STACK_SIZE = DEFINED (STACK_SIZE)?STACK_SIZE:0x400
                0x00000200                HEAP_SIZE = DEFINED (HEAP_SIZE)?HEAP_SIZE:0x200

.text           0x00080000      0xafc
                0x00080000                . = ALIGN (0x4)
                0x00080000                _sfixed = .
 *(.vectors .vectors.*)
 .vectors       0x00080000       0xf4 Device_Startup/startup_sam3xa.o
                0x00080000                exception_table
 *(.text .text.* .gnu.linkonce.t.*)
 .text          0x000800f4       0x6c c:/program files (x86)/atmel/studio/7.0/toolchain/arm/arm-gnu-toolchain/bin/../lib/gcc/arm-none-eabi/6.3.1/thumb/v7-m/crtbegin.o
 .text.can_init
                0x00080160       0xe4 can_controller.o
                0x00080160                can_init
 .text.can_init_def_tx_rx_mb
                0x00080244       0x10 can_controller.o
                0x00080244                can_init_def_tx_rx_mb
 .text.can_setup
                0x00080254       0x14 can_controller.o
                0x00080254                can_setup
 .text.can_receive
                0x00080268       0x84 can_controller.o
                0x00080268                can_receive
 .text.Dummy_Handler
                0x000802ec        0x2 Device_Startup/startup_sam3xa.o
                0x000802ec                DACC_Handler
                0x000802ec                DebugMon_Handler
                0x000802ec                DMAC_Handler
                0x000802ec                TRNG_Handler
                0x000802ec                HardFault_Handler
                0x000802ec                TC2_Handler
                0x000802ec                SysTick_Handler
                0x000802ec                USART3_Handler
                0x000802ec                TWI1_Handler
                0x000802ec                PendSV_Handler
                0x000802ec                NMI_Handler
                0x000802ec                TC7_Handler
                0x000802ec                ADC_Handler
                0x000802ec                SMC_Handler
                0x000802ec                USART0_Handler
                0x000802ec                RTT_Handler
                0x000802ec                EFC1_Handler
                0x000802ec                PIOB_Handler
                0x000802ec                RTC_Handler
                0x000802ec                UsageFault_Handler
                0x000802ec                TC6_Handler
                0x000802ec                WDT_Handler
                0x000802ec                TC4_Handler
                0x000802ec                TC1_Handler
                0x000802ec                HSMCI_Handler
                0x000802ec                TC3_Handler
                0x000802ec                Dummy_Handler
                0x000802ec                TWI0_Handler
                0x000802ec                USART1_Handler
                0x000802ec                PIOA_Handler
                0x000802ec                SSC_Handler
                0x000802ec                EFC0_Handler
                0x000802ec                PMC_Handler
                0x000802ec                PWM_Handler
                0x000802ec                CAN1_Handler
                0x000802ec                MemManage_Handler
                0x000802ec                SUPC_Handler
                0x000802ec                SVC_Handler
                0x000802ec                TC8_Handler
                0x000802ec                USART2_Handler
                0x000802ec                PIOD_Handler
                0x000802ec                EMAC_Handler
                0x000802ec                PIOC_Handler
                0x000802ec                BusFault_Handler
                0x000802ec                RSTC_Handler
                0x000802ec                TC0_Handler
                0x000802ec                TC5_Handler
                0x000802ec                UOTGHS_Handler
                0x000802ec                SPI0_Handler
 *fill*         0x000802ee        0x2 
 .text.Reset_Handler
                0x000802f0       0x6c Device_Startup/startup_sam3xa.o
                0x000802f0                Reset_Handler
 .text.SystemInit
                0x0008035c       0xa4 Device_Startup/system_sam3xa.o
                0x0008035c                SystemInit
 .text.main     0x00080400       0x40 main.o
                0x00080400                main
 .text.CAN0_Handler
                0x00080440       0x64 main.o
                0x00080440                CAN0_Handler
 .text.printchar
                0x000804a4       0x10 printf-stdarg.o
 .text.prints   0x000804b4       0x84 printf-stdarg.o
 .text.printi   0x00080538       0xac printf-stdarg.o
 .text.print    0x000805e4      0x150 printf-stdarg.o
 .text.printf   0x00080734       0x24 printf-stdarg.o
                0x00080734                printf
 .text.pwm_init
                0x00080758       0x60 pwm.o
                0x00080758                pwm_init
 .text.map      0x000807b8       0x18 pwm.o
                0x000807b8                map
 .text.servo_get_pos
                0x000807d0       0x38 pwm.o
                0x000807d0                servo_get_pos
 .text.configure_uart
                0x00080808       0x68 uart.o
                0x00080808                configure_uart
 .text.uart_putchar
                0x00080870       0x24 uart.o
                0x00080870                uart_putchar
 .text.UART_Handler
                0x00080894       0x68 uart.o
                0x00080894                UART_Handler
 .text.__libc_init_array
                0x000808fc       0x50 c:/program files (x86)/atmel/studio/7.0/toolchain/arm/arm-gnu-toolchain/bin/../lib/gcc/arm-none-eabi/6.3.1/../../../../arm-none-eabi/lib/thumb/v7-m\libc.a(lib_a-init.o)
                0x000808fc                __libc_init_array
 .text.startup.register_fini
                0x0008094c       0x14 c:/program files (x86)/atmel/studio/7.0/toolchain/arm/arm-gnu-toolchain/bin/../lib/gcc/arm-none-eabi/6.3.1/../../../../arm-none-eabi/lib/thumb/v7-m\libc.a(lib_a-__call_atexit.o)
 .text.atexit   0x00080960        0xc c:/program files (x86)/atmel/studio/7.0/toolchain/arm/arm-gnu-toolchain/bin/../lib/gcc/arm-none-eabi/6.3.1/../../../../arm-none-eabi/lib/thumb/v7-m\libc.a(lib_a-atexit.o)
                0x00080960                atexit
 .text.__libc_fini_array
                0x0008096c       0x34 c:/program files (x86)/atmel/studio/7.0/toolchain/arm/arm-gnu-toolchain/bin/../lib/gcc/arm-none-eabi/6.3.1/../../../../arm-none-eabi/lib/thumb/v7-m\libc.a(lib_a-fini.o)
                0x0008096c                __libc_fini_array
 .text.__retarget_lock_acquire_recursive
                0x000809a0        0x4 c:/program files (x86)/atmel/studio/7.0/toolchain/arm/arm-gnu-toolchain/bin/../lib/gcc/arm-none-eabi/6.3.1/../../../../arm-none-eabi/lib/thumb/v7-m\libc.a(lib_a-lock.o)
                0x000809a0                __retarget_lock_acquire_recursive
 .text.__retarget_lock_release_recursive
                0x000809a4        0x4 c:/program files (x86)/atmel/studio/7.0/toolchain/arm/arm-gnu-toolchain/bin/../lib/gcc/arm-none-eabi/6.3.1/../../../../arm-none-eabi/lib/thumb/v7-m\libc.a(lib_a-lock.o)
                0x000809a4                __retarget_lock_release_recursive
 .text.__register_exitproc
                0x000809a8       0xc4 c:/program files (x86)/atmel/studio/7.0/toolchain/arm/arm-gnu-toolchain/bin/../lib/gcc/arm-none-eabi/6.3.1/../../../../arm-none-eabi/lib/thumb/v7-m\libc.a(lib_a-__atexit.o)
                0x000809a8                __register_exitproc
 *(.glue_7t)
 .glue_7t       0x00080a6c        0x0 linker stubs
 *(.glue_7)
 .glue_7        0x00080a6c        0x0 linker stubs
 *(.rodata .rodata* .gnu.linkonce.r.*)
 .rodata.str1.4
                0x00080a6c       0x2b main.o
 *fill*         0x00080a97        0x1 
 .rodata.str1.4
                0x00080a98        0x7 printf-stdarg.o
 *fill*         0x00080a9f        0x1 
 .rodata.str1.4
                0x00080aa0       0x12 pwm.o
 *fill*         0x00080ab2        0x2 
 .rodata.str1.4
                0x00080ab4       0x20 uart.o
                                 0x1e (size before relaxing)
 .rodata._global_impure_ptr
                0x00080ad4        0x4 c:/program files (x86)/atmel/studio/7.0/toolchain/arm/arm-gnu-toolchain/bin/../lib/gcc/arm-none-eabi/6.3.1/../../../../arm-none-eabi/lib/thumb/v7-m\libc.a(lib_a-impure.o)
                0x00080ad4                _global_impure_ptr
 *(.ARM.extab* .gnu.linkonce.armextab.*)
                0x00080ad8                . = ALIGN (0x4)
 *(.init)
 .init          0x00080ad8        0x4 c:/program files (x86)/atmel/studio/7.0/toolchain/arm/arm-gnu-toolchain/bin/../lib/gcc/arm-none-eabi/6.3.1/thumb/v7-m/crti.o
                0x00080ad8                _init
 .init          0x00080adc        0x8 c:/program files (x86)/atmel/studio/7.0/toolchain/arm/arm-gnu-toolchain/bin/../lib/gcc/arm-none-eabi/6.3.1/thumb/v7-m/crtn.o
                0x00080ae4                . = ALIGN (0x4)
                0x00080ae4                __preinit_array_start = .
 *(.preinit_array)
                0x00080ae4                __preinit_array_end = .
                0x00080ae4                . = ALIGN (0x4)
                0x00080ae4                __init_array_start = .
 *(SORT(.init_array.*))
 .init_array.00000
                0x00080ae4        0x4 c:/program files (x86)/atmel/studio/7.0/toolchain/arm/arm-gnu-toolchain/bin/../lib/gcc/arm-none-eabi/6.3.1/../../../../arm-none-eabi/lib/thumb/v7-m\libc.a(lib_a-__call_atexit.o)
 *(.init_array)
 .init_array    0x00080ae8        0x4 c:/program files (x86)/atmel/studio/7.0/toolchain/arm/arm-gnu-toolchain/bin/../lib/gcc/arm-none-eabi/6.3.1/thumb/v7-m/crtbegin.o
                0x00080aec                __init_array_end = .
                0x00080aec                . = ALIGN (0x4)
 *crtbegin.o(.ctors)
 *(EXCLUDE_FILE(*crtend.o) .ctors)
 *(SORT(.ctors.*))
 *crtend.o(.ctors)
                0x00080aec                . = ALIGN (0x4)
 *(.fini)
 .fini          0x00080aec        0x4 c:/program files (x86)/atmel/studio/7.0/toolchain/arm/arm-gnu-toolchain/bin/../lib/gcc/arm-none-eabi/6.3.1/thumb/v7-m/crti.o
                0x00080aec                _fini
 .fini          0x00080af0        0x8 c:/program files (x86)/atmel/studio/7.0/toolchain/arm/arm-gnu-toolchain/bin/../lib/gcc/arm-none-eabi/6.3.1/thumb/v7-m/crtn.o
                0x00080af8                . = ALIGN (0x4)
                0x00080af8                __fini_array_start = .
 *(.fini_array)
 .fini_array    0x00080af8        0x4 c:/program files (x86)/atmel/studio/7.0/toolchain/arm/arm-gnu-toolchain/bin/../lib/gcc/arm-none-eabi/6.3.1/thumb/v7-m/crtbegin.o
 *(SORT(.fini_array.*))
                0x00080afc                __fini_array_end = .
 *crtbegin.o(.dtors)
 *(EXCLUDE_FILE(*crtend.o) .dtors)
 *(SORT(.dtors.*))
 *crtend.o(.dtors)
                0x00080afc                . = ALIGN (0x4)
                0x00080afc                _efixed = .
                [!provide]                PROVIDE (__exidx_start, .)

.vfp11_veneer   0x00080afc        0x0
 .vfp11_veneer  0x00080afc        0x0 linker stubs

.v4_bx          0x00080afc        0x0
 .v4_bx         0x00080afc        0x0 linker stubs

.iplt           0x00080afc        0x0
 .iplt          0x00080afc        0x0 c:/program files (x86)/atmel/studio/7.0/toolchain/arm/arm-gnu-toolchain/bin/../lib/gcc/arm-none-eabi/6.3.1/thumb/v7-m/crtbegin.o

.eh_frame       0x00080afc        0x0
 .eh_frame      0x00080afc        0x0 c:/program files (x86)/atmel/studio/7.0/toolchain/arm/arm-gnu-toolchain/bin/../lib/gcc/arm-none-eabi/6.3.1/thumb/v7-m/crtbegin.o

.rel.dyn        0x00080afc        0x0
 .rel.iplt      0x00080afc        0x0 c:/program files (x86)/atmel/studio/7.0/toolchain/arm/arm-gnu-toolchain/bin/../lib/gcc/arm-none-eabi/6.3.1/thumb/v7-m/crtbegin.o

.jcr            0x00080afc        0x0
 .jcr           0x00080afc        0x0 c:/program files (x86)/atmel/studio/7.0/toolchain/arm/arm-gnu-toolchain/bin/../lib/gcc/arm-none-eabi/6.3.1/thumb/v7-m/crtbegin.o

.igot.plt       0x00080afc        0x0
 .igot.plt      0x00080afc        0x0 c:/program files (x86)/atmel/studio/7.0/toolchain/arm/arm-gnu-toolchain/bin/../lib/gcc/arm-none-eabi/6.3.1/thumb/v7-m/crtbegin.o

.ARM.exidx
 *(.ARM.exidx* .gnu.linkonce.armexidx.*)
                [!provide]                PROVIDE (__exidx_end, .)
                0x00080afc                . = ALIGN (0x4)
                0x00080afc                _etext = .

.relocate       0x20000000      0x434 load address 0x00080afc
                0x20000000                . = ALIGN (0x4)
                0x20000000                _srelocate = .
 *(.ramfunc .ramfunc.*)
 *(.data .data.*)
 .data          0x20000000        0x4 Device_Startup/system_sam3xa.o
                0x20000000                SystemCoreClock
 *fill*         0x20000004        0x4 
 .data.impure_data
                0x20000008      0x428 c:/program files (x86)/atmel/studio/7.0/toolchain/arm/arm-gnu-toolchain/bin/../lib/gcc/arm-none-eabi/6.3.1/../../../../arm-none-eabi/lib/thumb/v7-m\libc.a(lib_a-impure.o)
 .data.__atexit_recursive_mutex
                0x20000430        0x4 c:/program files (x86)/atmel/studio/7.0/toolchain/arm/arm-gnu-toolchain/bin/../lib/gcc/arm-none-eabi/6.3.1/../../../../arm-none-eabi/lib/thumb/v7-m\libc.a(lib_a-__call_atexit.o)
                0x20000430                __atexit_recursive_mutex
                0x20000434                . = ALIGN (0x4)
                0x20000434                _erelocate = .

.bss            0x20000434       0x90 load address 0x00080f30
                0x20000434                . = ALIGN (0x4)
                0x20000434                _sbss = .
                0x20000434                _szero = .
 *(.bss .bss.*)
 .bss           0x20000434       0x1c c:/program files (x86)/atmel/studio/7.0/toolchain/arm/arm-gnu-toolchain/bin/../lib/gcc/arm-none-eabi/6.3.1/thumb/v7-m/crtbegin.o
 *(COMMON)
 COMMON         0x20000450        0xc main.o
                0x20000450                message
 COMMON         0x2000045c       0x42 uart.o
                0x2000045c                rx_buffer
 *fill*         0x2000049e        0x2 
 COMMON         0x200004a0       0x21 c:/program files (x86)/atmel/studio/7.0/toolchain/arm/arm-gnu-toolchain/bin/../lib/gcc/arm-none-eabi/6.3.1/../../../../arm-none-eabi/lib/thumb/v7-m\libc.a(lib_a-lock.o)
                0x200004a0                __lock___atexit_recursive_mutex
                0x200004a4                __lock___arc4random_mutex
                0x200004a8                __lock___env_recursive_mutex
                0x200004ac                __lock___sinit_recursive_mutex
                0x200004b0                __lock___malloc_recursive_mutex
                0x200004b4                __lock___at_quick_exit_mutex
                0x200004b8                __lock___dd_hash_mutex
                0x200004bc                __lock___tz_mutex
                0x200004c0                __lock___sfp_recursive_mutex
                0x200004c4                . = ALIGN (0x4)
 *fill*         0x200004c1        0x3 
                0x200004c4                _ebss = .
                0x200004c4                _ezero = .

.stack          0x200004c4      0x404 load address 0x00080fc0
                0x200004c8                . = ALIGN (0x8)
 *fill*         0x200004c4        0x4 
                0x200004c8                _sstack = .
                0x200008c8                . = (. + STACK_SIZE)
 *fill*         0x200004c8      0x400 
                0x200008c8                . = ALIGN (0x8)
                0x200008c8                _estack = .

.heap           0x200008c8      0x200 load address 0x000813c4
                0x200008c8                . = ALIGN (0x8)
                0x200008c8                _sheap = .
                0x20000ac8                . = (. + HEAP_SIZE)
 *fill*         0x200008c8      0x200 
                0x20000ac8                . = ALIGN (0x8)
                0x20000ac8                _eheap = .
                0x20000ac8                . = ALIGN (0x4)
                0x20000ac8                _end = .
                0x20017fff                _ram_end_ = ((ORIGIN (ram) + LENGTH (ram)) - 0x1)
OUTPUT(Gruppe36_Node_2.elf elf32-littlearm)

.ARM.attributes
                0x00000000       0x29
 .ARM.attributes
                0x00000000       0x1d c:/program files (x86)/atmel/studio/7.0/toolchain/arm/arm-gnu-toolchain/bin/../lib/gcc/arm-none-eabi/6.3.1/thumb/v7-m/crti.o
 .ARM.attributes
                0x0000001d       0x2d c:/program files (x86)/atmel/studio/7.0/toolchain/arm/arm-gnu-toolchain/bin/../lib/gcc/arm-none-eabi/6.3.1/thumb/v7-m/crtbegin.o
 .ARM.attributes
                0x0000004a       0x33 can_controller.o
 .ARM.attributes
                0x0000007d       0x33 Device_Startup/startup_sam3xa.o
 .ARM.attributes
                0x000000b0       0x33 Device_Startup/system_sam3xa.o
 .ARM.attributes
                0x000000e3       0x33 main.o
 .ARM.attributes
                0x00000116       0x33 printf-stdarg.o
 .ARM.attributes
                0x00000149       0x33 pwm.o
 .ARM.attributes
                0x0000017c       0x33 uart.o
 .ARM.attributes
                0x000001af       0x2d c:/program files (x86)/atmel/studio/7.0/toolchain/arm/arm-gnu-toolchain/bin/../lib/gcc/arm-none-eabi/6.3.1/../../../../arm-none-eabi/lib/thumb/v7-m\libc.a(lib_a-impure.o)
 .ARM.attributes
                0x000001dc       0x2d c:/program files (x86)/atmel/studio/7.0/toolchain/arm/arm-gnu-toolchain/bin/../lib/gcc/arm-none-eabi/6.3.1/../../../../arm-none-eabi/lib/thumb/v7-m\libc.a(lib_a-init.o)
 .ARM.attributes
                0x00000209       0x2d c:/program files (x86)/atmel/studio/7.0/toolchain/arm/arm-gnu-toolchain/bin/../lib/gcc/arm-none-eabi/6.3.1/../../../../arm-none-eabi/lib/thumb/v7-m\libc.a(lib_a-__call_atexit.o)
 .ARM.attributes
                0x00000236       0x2d c:/program files (x86)/atmel/studio/7.0/toolchain/arm/arm-gnu-toolchain/bin/../lib/gcc/arm-none-eabi/6.3.1/../../../../arm-none-eabi/lib/thumb/v7-m\libc.a(lib_a-atexit.o)
 .ARM.attributes
                0x00000263       0x2d c:/program files (x86)/atmel/studio/7.0/toolchain/arm/arm-gnu-toolchain/bin/../lib/gcc/arm-none-eabi/6.3.1/../../../../arm-none-eabi/lib/thumb/v7-m\libc.a(lib_a-fini.o)
 .ARM.attributes
                0x00000290       0x2d c:/program files (x86)/atmel/studio/7.0/toolchain/arm/arm-gnu-toolchain/bin/../lib/gcc/arm-none-eabi/6.3.1/../../../../arm-none-eabi/lib/thumb/v7-m\libc.a(lib_a-lock.o)
 .ARM.attributes
                0x000002bd       0x2d c:/program files (x86)/atmel/studio/7.0/toolchain/arm/arm-gnu-toolchain/bin/../lib/gcc/arm-none-eabi/6.3.1/../../../../arm-none-eabi/lib/thumb/v7-m\libc.a(lib_a-__atexit.o)
 .ARM.attributes
                0x000002ea       0x1d c:/program files (x86)/atmel/studio/7.0/toolchain/arm/arm-gnu-toolchain/bin/../lib/gcc/arm-none-eabi/6.3.1/thumb/v7-m/crtn.o

.comment        0x00000000       0x59
 .comment       0x00000000       0x59 can_controller.o
                                 0x5a (size before relaxing)
 .comment       0x00000059       0x5a Device_Startup/startup_sam3xa.o
 .comment       0x00000059       0x5a Device_Startup/system_sam3xa.o
 .comment       0x00000059       0x5a main.o
 .comment       0x00000059       0x5a printf-stdarg.o
 .comment       0x00000059       0x5a pwm.o
 .comment       0x00000059       0x5a uart.o

.debug_info     0x00000000     0x3f5d
 .debug_info    0x00000000      0xdb0 can_controller.o
 .debug_info    0x00000db0      0x74e Device_Startup/startup_sam3xa.o
 .debug_info    0x000014fe      0x444 Device_Startup/system_sam3xa.o
 .debug_info    0x00001942      0x777 main.o
 .debug_info    0x000020b9      0x60b printf-stdarg.o
 .debug_info    0x000026c4      0xc4e pwm.o
 .debug_info    0x00003312      0xc4b uart.o

.debug_abbrev   0x00000000      0xc57
 .debug_abbrev  0x00000000      0x248 can_controller.o
 .debug_abbrev  0x00000248      0x153 Device_Startup/startup_sam3xa.o
 .debug_abbrev  0x0000039b      0x102 Device_Startup/system_sam3xa.o
 .debug_abbrev  0x0000049d      0x24a main.o
 .debug_abbrev  0x000006e7      0x194 printf-stdarg.o
 .debug_abbrev  0x0000087b      0x1a1 pwm.o
 .debug_abbrev  0x00000a1c      0x23b uart.o

.debug_loc      0x00000000      0xe64
 .debug_loc     0x00000000      0x2d5 can_controller.o
 .debug_loc     0x000002d5       0x78 Device_Startup/startup_sam3xa.o
 .debug_loc     0x0000034d       0x72 main.o
 .debug_loc     0x000003bf      0x8d2 printf-stdarg.o
 .debug_loc     0x00000c91      0x105 pwm.o
 .debug_loc     0x00000d96       0xce uart.o

.debug_aranges  0x00000000      0x178
 .debug_aranges
                0x00000000       0x40 can_controller.o
 .debug_aranges
                0x00000040       0x28 Device_Startup/startup_sam3xa.o
 .debug_aranges
                0x00000068       0x30 Device_Startup/system_sam3xa.o
 .debug_aranges
                0x00000098       0x28 main.o
 .debug_aranges
                0x000000c0       0x50 printf-stdarg.o
 .debug_aranges
                0x00000110       0x30 pwm.o
 .debug_aranges
                0x00000140       0x38 uart.o

.debug_ranges   0x00000000      0x120
 .debug_ranges  0x00000000       0x30 can_controller.o
 .debug_ranges  0x00000030       0x18 Device_Startup/startup_sam3xa.o
 .debug_ranges  0x00000048       0x20 Device_Startup/system_sam3xa.o
 .debug_ranges  0x00000068       0x18 main.o
 .debug_ranges  0x00000080       0x58 printf-stdarg.o
 .debug_ranges  0x000000d8       0x20 pwm.o
 .debug_ranges  0x000000f8       0x28 uart.o

.debug_macro    0x00000000    0x10e0d
 .debug_macro   0x00000000      0x37f can_controller.o
 .debug_macro   0x0000037f      0x8b0 can_controller.o
 .debug_macro   0x00000c2f       0x22 can_controller.o
 .debug_macro   0x00000c51       0x87 can_controller.o
 .debug_macro   0x00000cd8       0x51 can_controller.o
 .debug_macro   0x00000d29       0xef can_controller.o
 .debug_macro   0x00000e18       0x6a can_controller.o
 .debug_macro   0x00000e82      0x1df can_controller.o
 .debug_macro   0x00001061       0x26 can_controller.o
 .debug_macro   0x00001087       0x1c can_controller.o
 .debug_macro   0x000010a3       0x22 can_controller.o
 .debug_macro   0x000010c5       0xc3 can_controller.o
 .debug_macro   0x00001188      0xe49 can_controller.o
 .debug_macro   0x00001fd1      0x11f can_controller.o
 .debug_macro   0x000020f0      0xa7d can_controller.o
 .debug_macro   0x00002b6d      0x55a can_controller.o
 .debug_macro   0x000030c7      0x1a8 can_controller.o
 .debug_macro   0x0000326f      0x30b can_controller.o
 .debug_macro   0x0000357a      0x709 can_controller.o
 .debug_macro   0x00003c83       0xd6 can_controller.o
 .debug_macro   0x00003d59      0x56c can_controller.o
 .debug_macro   0x000042c5       0x1c can_controller.o
 .debug_macro   0x000042e1      0x678 can_controller.o
 .debug_macro   0x00004959      0x51e can_controller.o
 .debug_macro   0x00004e77       0xbe can_controller.o
 .debug_macro   0x00004f35     0x2333 can_controller.o
 .debug_macro   0x00007268      0x7d1 can_controller.o
 .debug_macro   0x00007a39      0xdbb can_controller.o
 .debug_macro   0x000087f4       0x9a can_controller.o
 .debug_macro   0x0000888e      0x29c can_controller.o
 .debug_macro   0x00008b2a       0x58 can_controller.o
 .debug_macro   0x00008b82      0x999 can_controller.o
 .debug_macro   0x0000951b      0x22d can_controller.o
 .debug_macro   0x00009748      0x4b4 can_controller.o
 .debug_macro   0x00009bfc      0x64a can_controller.o
 .debug_macro   0x0000a246      0x590 can_controller.o
 .debug_macro   0x0000a7d6       0x46 can_controller.o
 .debug_macro   0x0000a81c      0x33f can_controller.o
 .debug_macro   0x0000ab5b      0x27e can_controller.o
 .debug_macro   0x0000add9     0x14dc can_controller.o
 .debug_macro   0x0000c2b5      0x7cf can_controller.o
 .debug_macro   0x0000ca84       0x76 can_controller.o
 .debug_macro   0x0000cafa       0x82 can_controller.o
 .debug_macro   0x0000cb7c       0x76 can_controller.o
 .debug_macro   0x0000cbf2       0x4c can_controller.o
 .debug_macro   0x0000cc3e      0x100 can_controller.o
 .debug_macro   0x0000cd3e      0x100 can_controller.o
 .debug_macro   0x0000ce3e      0x100 can_controller.o
 .debug_macro   0x0000cf3e       0x88 can_controller.o
 .debug_macro   0x0000cfc6       0x88 can_controller.o
 .debug_macro   0x0000d04e      0x3b4 can_controller.o
 .debug_macro   0x0000d402       0xbe can_controller.o
 .debug_macro   0x0000d4c0       0xbe can_controller.o
 .debug_macro   0x0000d57e       0xbe can_controller.o
 .debug_macro   0x0000d63c       0xbe can_controller.o
 .debug_macro   0x0000d6fa      0x2b8 can_controller.o
 .debug_macro   0x0000d9b2      0x118 can_controller.o
 .debug_macro   0x0000daca      0x216 can_controller.o
 .debug_macro   0x0000dce0      0x216 can_controller.o
 .debug_macro   0x0000def6       0x2e can_controller.o
 .debug_macro   0x0000df24       0xac can_controller.o
 .debug_macro   0x0000dfd0      0x13e can_controller.o
 .debug_macro   0x0000e10e       0x7c can_controller.o
 .debug_macro   0x0000e18a      0x1f6 can_controller.o
 .debug_macro   0x0000e380       0x64 can_controller.o
 .debug_macro   0x0000e3e4       0xa6 can_controller.o
 .debug_macro   0x0000e48a       0x7c can_controller.o
 .debug_macro   0x0000e506       0x16 can_controller.o
 .debug_macro   0x0000e51c       0x22 can_controller.o
 .debug_macro   0x0000e53e       0x22 can_controller.o
 .debug_macro   0x0000e560      0x10c can_controller.o
 .debug_macro   0x0000e66c      0x10c can_controller.o
 .debug_macro   0x0000e778      0x10c can_controller.o
 .debug_macro   0x0000e884      0x10c can_controller.o
 .debug_macro   0x0000e990       0x1c can_controller.o
 .debug_macro   0x0000e9ac       0x2e can_controller.o
 .debug_macro   0x0000e9da       0x22 can_controller.o
 .debug_macro   0x0000e9fc       0x1c can_controller.o
 .debug_macro   0x0000ea18       0x58 can_controller.o
 .debug_macro   0x0000ea70       0x10 can_controller.o
 .debug_macro   0x0000ea80      0x27a can_controller.o
 .debug_macro   0x0000ecfa      0xd34 can_controller.o
 .debug_macro   0x0000fa2e      0x170 can_controller.o
 .debug_macro   0x0000fb9e      0x371 Device_Startup/startup_sam3xa.o
 .debug_macro   0x0000ff0f      0x383 Device_Startup/system_sam3xa.o
 .debug_macro   0x00010292      0x392 main.o
 .debug_macro   0x00010624       0x10 main.o
 .debug_macro   0x00010634       0x8e printf-stdarg.o
 .debug_macro   0x000106c2       0x58 printf-stdarg.o
 .debug_macro   0x0001071a      0x37f pwm.o
 .debug_macro   0x00010a99      0x374 uart.o

.debug_line     0x00000000     0x3068
 .debug_line    0x00000000      0x7ee can_controller.o
 .debug_line    0x000007ee      0x728 Device_Startup/startup_sam3xa.o
 .debug_line    0x00000f16      0x785 Device_Startup/system_sam3xa.o
 .debug_line    0x0000169b      0x768 main.o
 .debug_line    0x00001e03      0x3cb printf-stdarg.o
 .debug_line    0x000021ce      0x731 pwm.o
 .debug_line    0x000028ff      0x769 uart.o

.debug_str      0x00000000    0x511b9
 .debug_str     0x00000000    0x50543 can_controller.o
                              0x5070e (size before relaxing)
 .debug_str     0x00050543      0x506 Device_Startup/startup_sam3xa.o
                              0x504d2 (size before relaxing)
 .debug_str     0x00050a49      0x195 Device_Startup/system_sam3xa.o
                              0x50265 (size before relaxing)
 .debug_str     0x00050bde       0xf1 main.o
                              0x5045a (size before relaxing)
 .debug_str     0x00050ccf      0x1c1 printf-stdarg.o
                               0x3658 (size before relaxing)
 .debug_str     0x00050e90      0x226 pwm.o
                              0x504f1 (size before relaxing)
 .debug_str     0x000510b6      0x103 uart.o
                              0x506af (size before relaxing)

.debug_frame    0x00000000      0x4e8
 .debug_frame   0x00000000       0x98 can_controller.o
 .debug_frame   0x00000098       0x38 Device_Startup/startup_sam3xa.o
 .debug_frame   0x000000d0       0x40 Device_Startup/system_sam3xa.o
 .debug_frame   0x00000110       0x40 main.o
 .debug_frame   0x00000150      0x124 printf-stdarg.o
 .debug_frame   0x00000274       0x5c pwm.o
 .debug_frame   0x000002d0       0x58 uart.o
 .debug_frame   0x00000328       0x2c c:/program files (x86)/atmel/studio/7.0/toolchain/arm/arm-gnu-toolchain/bin/../lib/gcc/arm-none-eabi/6.3.1/../../../../arm-none-eabi/lib/thumb/v7-m\libc.a(lib_a-init.o)
 .debug_frame   0x00000354       0x5c c:/program files (x86)/atmel/studio/7.0/toolchain/arm/arm-gnu-toolchain/bin/../lib/gcc/arm-none-eabi/6.3.1/../../../../arm-none-eabi/lib/thumb/v7-m\libc.a(lib_a-__call_atexit.o)
 .debug_frame   0x000003b0       0x20 c:/program files (x86)/atmel/studio/7.0/toolchain/arm/arm-gnu-toolchain/bin/../lib/gcc/arm-none-eabi/6.3.1/../../../../arm-none-eabi/lib/thumb/v7-m\libc.a(lib_a-atexit.o)
 .debug_frame   0x000003d0       0x34 c:/program files (x86)/atmel/studio/7.0/toolchain/arm/arm-gnu-toolchain/bin/../lib/gcc/arm-none-eabi/6.3.1/../../../../arm-none-eabi/lib/thumb/v7-m\libc.a(lib_a-fini.o)
 .debug_frame   0x00000404       0xb0 c:/program files (x86)/atmel/studio/7.0/toolchain/arm/arm-gnu-toolchain/bin/../lib/gcc/arm-none-eabi/6.3.1/../../../../arm-none-eabi/lib/thumb/v7-m\libc.a(lib_a-lock.o)
 .debug_frame   0x000004b4       0x34 c:/program files (x86)/atmel/studio/7.0/toolchain/arm/arm-gnu-toolchain/bin/../lib/gcc/arm-none-eabi/6.3.1/../../../../arm-none-eabi/lib/thumb/v7-m\libc.a(lib_a-__atexit.o)
