Archive member included to satisfy reference by file (symbol)

c:/program files (x86)/atmel/studio/7.0/toolchain/arm/arm-gnu-toolchain/bin/../lib/gcc/arm-none-eabi/6.3.1/../../../../arm-none-eabi/lib/thumb/v7-m\libc.a(lib_a-exit.o)
                              c:/program files (x86)/atmel/studio/7.0/toolchain/arm/arm-gnu-toolchain/bin/../lib/gcc/arm-none-eabi/6.3.1/../../../../arm-none-eabi/lib/thumb/v7-m/crt0.o (exit)
c:/program files (x86)/atmel/studio/7.0/toolchain/arm/arm-gnu-toolchain/bin/../lib/gcc/arm-none-eabi/6.3.1/../../../../arm-none-eabi/lib/thumb/v7-m\libc.a(lib_a-impure.o)
                              c:/program files (x86)/atmel/studio/7.0/toolchain/arm/arm-gnu-toolchain/bin/../lib/gcc/arm-none-eabi/6.3.1/../../../../arm-none-eabi/lib/thumb/v7-m\libc.a(lib_a-exit.o) (_global_impure_ptr)
c:/program files (x86)/atmel/studio/7.0/toolchain/arm/arm-gnu-toolchain/bin/../lib/gcc/arm-none-eabi/6.3.1/../../../../arm-none-eabi/lib/thumb/v7-m\libc.a(lib_a-init.o)
                              c:/program files (x86)/atmel/studio/7.0/toolchain/arm/arm-gnu-toolchain/bin/../lib/gcc/arm-none-eabi/6.3.1/../../../../arm-none-eabi/lib/thumb/v7-m/crt0.o (__libc_init_array)
c:/program files (x86)/atmel/studio/7.0/toolchain/arm/arm-gnu-toolchain/bin/../lib/gcc/arm-none-eabi/6.3.1/../../../../arm-none-eabi/lib/thumb/v7-m\libc.a(lib_a-memset.o)
                              c:/program files (x86)/atmel/studio/7.0/toolchain/arm/arm-gnu-toolchain/bin/../lib/gcc/arm-none-eabi/6.3.1/../../../../arm-none-eabi/lib/thumb/v7-m/crt0.o (memset)
c:/program files (x86)/atmel/studio/7.0/toolchain/arm/arm-gnu-toolchain/bin/../lib/gcc/arm-none-eabi/6.3.1/../../../../arm-none-eabi/lib/thumb/v7-m\libc.a(lib_a-__call_atexit.o)
                              c:/program files (x86)/atmel/studio/7.0/toolchain/arm/arm-gnu-toolchain/bin/../lib/gcc/arm-none-eabi/6.3.1/../../../../arm-none-eabi/lib/thumb/v7-m\libc.a(lib_a-exit.o) (__call_exitprocs)
c:/program files (x86)/atmel/studio/7.0/toolchain/arm/arm-gnu-toolchain/bin/../lib/gcc/arm-none-eabi/6.3.1/../../../../arm-none-eabi/lib/thumb/v7-m\libc.a(lib_a-atexit.o)
                              c:/program files (x86)/atmel/studio/7.0/toolchain/arm/arm-gnu-toolchain/bin/../lib/gcc/arm-none-eabi/6.3.1/../../../../arm-none-eabi/lib/thumb/v7-m\libc.a(lib_a-__call_atexit.o) (atexit)
c:/program files (x86)/atmel/studio/7.0/toolchain/arm/arm-gnu-toolchain/bin/../lib/gcc/arm-none-eabi/6.3.1/../../../../arm-none-eabi/lib/thumb/v7-m\libc.a(lib_a-fini.o)
                              c:/program files (x86)/atmel/studio/7.0/toolchain/arm/arm-gnu-toolchain/bin/../lib/gcc/arm-none-eabi/6.3.1/../../../../arm-none-eabi/lib/thumb/v7-m\libc.a(lib_a-__call_atexit.o) (__libc_fini_array)
c:/program files (x86)/atmel/studio/7.0/toolchain/arm/arm-gnu-toolchain/bin/../lib/gcc/arm-none-eabi/6.3.1/../../../../arm-none-eabi/lib/thumb/v7-m\libc.a(lib_a-lock.o)
                              c:/program files (x86)/atmel/studio/7.0/toolchain/arm/arm-gnu-toolchain/bin/../lib/gcc/arm-none-eabi/6.3.1/../../../../arm-none-eabi/lib/thumb/v7-m\libc.a(lib_a-__call_atexit.o) (__retarget_lock_acquire_recursive)
c:/program files (x86)/atmel/studio/7.0/toolchain/arm/arm-gnu-toolchain/bin/../lib/gcc/arm-none-eabi/6.3.1/../../../../arm-none-eabi/lib/thumb/v7-m\libc.a(lib_a-__atexit.o)
                              c:/program files (x86)/atmel/studio/7.0/toolchain/arm/arm-gnu-toolchain/bin/../lib/gcc/arm-none-eabi/6.3.1/../../../../arm-none-eabi/lib/thumb/v7-m\libc.a(lib_a-atexit.o) (__register_exitproc)

Allocating common symbols
Common symbol       size              file

__lock___atexit_recursive_mutex
                    0x1               c:/program files (x86)/atmel/studio/7.0/toolchain/arm/arm-gnu-toolchain/bin/../lib/gcc/arm-none-eabi/6.3.1/../../../../arm-none-eabi/lib/thumb/v7-m\libc.a(lib_a-lock.o)
__lock___arc4random_mutex
                    0x1               c:/program files (x86)/atmel/studio/7.0/toolchain/arm/arm-gnu-toolchain/bin/../lib/gcc/arm-none-eabi/6.3.1/../../../../arm-none-eabi/lib/thumb/v7-m\libc.a(lib_a-lock.o)
__lock___env_recursive_mutex
                    0x1               c:/program files (x86)/atmel/studio/7.0/toolchain/arm/arm-gnu-toolchain/bin/../lib/gcc/arm-none-eabi/6.3.1/../../../../arm-none-eabi/lib/thumb/v7-m\libc.a(lib_a-lock.o)
__lock___sinit_recursive_mutex
                    0x1               c:/program files (x86)/atmel/studio/7.0/toolchain/arm/arm-gnu-toolchain/bin/../lib/gcc/arm-none-eabi/6.3.1/../../../../arm-none-eabi/lib/thumb/v7-m\libc.a(lib_a-lock.o)
message             0xc               main.o
__lock___malloc_recursive_mutex
                    0x1               c:/program files (x86)/atmel/studio/7.0/toolchain/arm/arm-gnu-toolchain/bin/../lib/gcc/arm-none-eabi/6.3.1/../../../../arm-none-eabi/lib/thumb/v7-m\libc.a(lib_a-lock.o)
rx_buffer           0x42              uart.o
__lock___at_quick_exit_mutex
[...]
Memory Configuration

Name             Origin             Length             Attributes
rom              0x00080000         0x00080000         xr
ram              0x20000000         0x00018000         xrw
*default*        0x00000000         0xffffffff

Linker script and memory map

LOAD c:/program files (x86)/atmel/studio/7.0/toolchain/arm/arm-gnu-toolchain/bin/../lib/gcc/arm-none-eabi/6.3.1/thumb/v7-m/crti.o
LOAD c:/program files (x86)/atmel/studio/7.0/toolchain/arm/arm-gnu-toolchain/bin/../lib/gcc/arm-none-eabi/6.3.1/thumb/v7-m/crtbegin.o
LOAD c:/program files (x86)/atmel/studio/7.0/toolchain/arm/arm-gnu-toolchain/bin/../lib/gcc/arm-none-eabi/6.3.1/../../../../arm-none-eabi/lib/thumb/v7-m/crt0.o
LOAD adc.o
LOAD can_controller.o
LOAD can_interrupt.o
LOAD dac_driver.o
LOAD delay.o
LOAD Device_Startup/startup_sam3xa.o
LOAD Device_Startup/system_sam3xa.o
LOAD Led_blink.o
LOAD main.o
LOAD motor_driver.o
LOAD printf-stdarg.o
LOAD pwm.o
LOAD uart.o
START GROUP
LOAD c:/program files (x86)/atmel/studio/7.0/toolchain/arm/arm-gnu-toolchain/bin/../lib/gcc/arm-none-eabi/6.3.1/../../../../arm-none-eabi/lib/thumb/v7-m\libm.a
END GROUP
START GROUP
LOAD c:/program files (x86)/atmel/studio/7.0/toolchain/arm/arm-gnu-toolchain/bin/../lib/gcc/arm-none-eabi/6.3.1/thumb/v7-m\libgcc.a
LOAD c:/program files (x86)/atmel/studio/7.0/toolchain/arm/arm-gnu-toolchain/bin/../lib/gcc/arm-none-eabi/6.3.1/../../../../arm-none-eabi/lib/thumb/v7-m\libc.a
END GROUP
LOAD c:/program files (x86)/atmel/studio/7.0/toolchain/arm/arm-gnu-toolchain/bin/../lib/gcc/arm-none-eabi/6.3.1/thumb/v7-m/crtend.o
LOAD c:/program files (x86)/atmel/studio/7.0/toolchain/arm/arm-gnu-toolchain/bin/../lib/gcc/arm-none-eabi/6.3.1/thumb/v7-m/crtn.o
                0x00000400                STACK_SIZE = DEFINED (STACK_SIZE)?STACK_SIZE:0x400
                0x00000200                HEAP_SIZE = DEFINED (HEAP_SIZE)?HEAP_SIZE:0x200

.text           0x00080000      0xbc0
                0x00080000                . = ALIGN (0x4)
                0x00080000                _sfixed = .
 *(.vectors .vectors.*)
 .vectors       0x00080000       0xf4 Device_Startup/startup_sam3xa.o
                0x00080000                exception_table
 *(.text .text.* .gnu.linkonce.t.*)
 .text          0x000800f4       0x6c c:/program files (x86)/atmel/studio/7.0/toolchain/arm/arm-gnu-toolchain/bin/../lib/gcc/arm-none-eabi/6.3.1/thumb/v7-m/crtbegin.o
 .text.adc_init
                0x00080160       0x2c adc.o
                0x00080160                adc_init
 .text.can_init
                0x0008018c       0xe4 can_controller.o
                0x0008018c                can_init
 .text.can_init_def_tx_rx_mb
                0x00080270       0x10 can_controller.o
                0x00080270                can_init_def_tx_rx_mb
 .text.can_setup
                0x00080280       0x14 can_controller.o
                0x00080280                can_setup
 .text.can_receive
                0x00080294       0x84 can_controller.o
                0x00080294                can_receive
 .text.dac_init
                0x00080318       0x34 dac_driver.o
                0x00080318                dac_init
 .text.dac_write
                0x0008034c       0x24 dac_driver.o
                0x0008034c                dac_write
 .text.SysTick_Handler
                0x00080370       0x10 delay.o
                0x00080370                SysTick_Handler
 .text.Dummy_Handler
                0x00080380        0x2 Device_Startup/startup_sam3xa.o
                0x00080380                DACC_Handler
                0x00080380                DebugMon_Handler
                0x00080380                DMAC_Handler
                0x00080380                TRNG_Handler
                0x00080380                HardFault_Handler
                0x00080380                TC2_Handler
                0x00080380                USART3_Handler
                0x00080380                TWI1_Handler
                0x00080380                PendSV_Handler
                0x00080380                NMI_Handler
                0x00080380                TC7_Handler
                0x00080380                ADC_Handler
                0x00080380                SMC_Handler
                0x00080380                USART0_Handler
                0x00080380                RTT_Handler
                0x00080380                EFC1_Handler
                0x00080380                PIOB_Handler
                0x00080380                RTC_Handler
                0x00080380                UsageFault_Handler
                0x00080380                TC6_Handler
                0x00080380                WDT_Handler
                0x00080380                TC4_Handler
                0x00080380                TC1_Handler
                0x00080380                HSMCI_Handler
                0x00080380                TC3_Handler
                0x00080380                Dummy_Handler
                0x00080380                TWI0_Handler
                0x00080380                USART1_Handler
                0x00080380                PIOA_Handler
                0x00080380                SSC_Handler
                0x00080380                EFC0_Handler
                0x00080380                PMC_Handler
                0x00080380                PWM_Handler
                0x00080380                CAN1_Handler
                0x00080380                MemManage_Handler
                0x00080380                SUPC_Handler
                0x00080380                SVC_Handler
                0x00080380                TC8_Handler
                0x00080380                USART2_Handler
                0x00080380                PIOD_Handler
                0x00080380                EMAC_Handler
                0x00080380                PIOC_Handler
                0x00080380                BusFault_Handler
                0x00080380                RSTC_Handler
                0x00080380                TC0_Handler
                0x00080380                TC5_Handler
                0x00080380                UOTGHS_Handler
                0x00080380                SPI0_Handler
 *fill*         0x00080382        0x2 
 .text.Reset_Handler
                0x00080384       0x6c Device_Startup/startup_sam3xa.o
                0x00080384                Reset_Handler
 .text.SystemInit
                0x000803f0       0xa4 Device_Startup/system_sam3xa.o
                0x000803f0                SystemInit
 .text.main     0x00080494       0x74 main.o
                0x00080494                main
 .text.CAN0_Handler
                0x00080508       0x64 main.o
                0x00080508                CAN0_Handler
 .text.motor_box_init
                0x0008056c       0x44 motor_driver.o
                0x0008056c                motor_box_init
 .text.printchar
                0x000805b0       0x10 printf-stdarg.o
 .text.prints   0x000805c0       0x84 printf-stdarg.o
 .text.printi   0x00080644       0xac printf-stdarg.o
 .text.print    0x000806f0      0x150 printf-stdarg.o
 .text.printf   0x00080840       0x24 printf-stdarg.o
                0x00080840                printf
 .text.pwm_init
                0x00080864       0x60 pwm.o
                0x00080864                pwm_init
 .text.configure_uart
                0x000808c4       0x68 uart.o
                0x000808c4                configure_uart
 .text.uart_putchar
                0x0008092c       0x24 uart.o
                0x0008092c                uart_putchar
 .text.UART_Handler
                0x00080950       0x68 uart.o
                0x00080950                UART_Handler
 .text.__libc_init_array
                0x000809b8       0x50 c:/program files (x86)/atmel/studio/7.0/toolchain/arm/arm-gnu-toolchain/bin/../lib/gcc/arm-none-eabi/6.3.1/../../../../arm-none-eabi/lib/thumb/v7-m\libc.a(lib_a-init.o)
                0x000809b8                __libc_init_array
 .text.startup.register_fini
                0x00080a08       0x14 c:/program files (x86)/atmel/studio/7.0/toolchain/arm/arm-gnu-toolchain/bin/../lib/gcc/arm-none-eabi/6.3.1/../../../../arm-none-eabi/lib/thumb/v7-m\libc.a(lib_a-__call_atexit.o)
 .text.atexit   0x00080a1c        0xc c:/program files (x86)/atmel/studio/7.0/toolchain/arm/arm-gnu-toolchain/bin/../lib/gcc/arm-none-eabi/6.3.1/../../../../arm-none-eabi/lib/thumb/v7-m\libc.a(lib_a-atexit.o)
                0x00080a1c                atexit
 .text.__libc_fini_array
                0x00080a28       0x34 c:/program files (x86)/atmel/studio/7.0/toolchain/arm/arm-gnu-toolchain/bin/../lib/gcc/arm-none-eabi/6.3.1/../../../../arm-none-eabi/lib/thumb/v7-m\libc.a(lib_a-fini.o)
                0x00080a28                __libc_fini_array
 .text.__retarget_lock_acquire_recursive
                0x00080a5c        0x4 c:/program files (x86)/atmel/studio/7.0/toolchain/arm/arm-gnu-toolchain/bin/../lib/gcc/arm-none-eabi/6.3.1/../../../../arm-none-eabi/lib/thumb/v7-m\libc.a(lib_a-lock.o)
                0x00080a5c                __retarget_lock_acquire_recursive
 .text.__retarget_lock_release_recursive
                0x00080a60        0x4 c:/program files (x86)/atmel/studio/7.0/toolchain/arm/arm-gnu-toolchain/bin/../lib/gcc/arm-none-eabi/6.3.1/../../../../arm-none-eabi/lib/thumb/v7-m\libc.a(lib_a-lock.o)
                0x00080a60                __retarget_lock_release_recursive
 .text.__register_exitproc
                0x00080a64       0xc4 c:/program files (x86)/atmel/studio/7.0/toolchain/arm/arm-gnu-toolchain/bin/../lib/gcc/arm-none-eabi/6.3.1/../../../../arm-none-eabi/lib/thumb/v7-m\libc.a(lib_a-__atexit.o)
                0x00080a64                __register_exitproc
 *(.glue_7t)
 .glue_7t       0x00080b28        0x0 linker stubs
 *(.glue_7)
 .glue_7        0x00080b28        0x0 linker stubs
 *(.rodata .rodata* .gnu.linkonce.r.*)
 .rodata.str1.4
                0x00080b28       0x47 main.o
 *fill*         0x00080b6f        0x1 
 .rodata.str1.4
                0x00080b70        0x7 printf-stdarg.o
 *fill*         0x00080b77        0x1 
 .rodata.str1.4
                0x00080b78       0x20 uart.o
                                 0x1e (size before relaxing)
 .rodata._global_impure_ptr
                0x00080b98        0x4 c:/program files (x86)/atmel/studio/7.0/toolchain/arm/arm-gnu-toolchain/bin/../lib/gcc/arm-none-eabi/6.3.1/../../../../arm-none-eabi/lib/thumb/v7-m\libc.a(lib_a-impure.o)
                0x00080b98                _global_impure_ptr
 *(.ARM.extab* .gnu.linkonce.armextab.*)
                0x00080b9c                . = ALIGN (0x4)
 *(.init)
 .init          0x00080b9c        0x4 c:/program files (x86)/atmel/studio/7.0/toolchain/arm/arm-gnu-toolchain/bin/../lib/gcc/arm-none-eabi/6.3.1/thumb/v7-m/crti.o
                0x00080b9c                _init
 .init          0x00080ba0        0x8 c:/program files (x86)/atmel/studio/7.0/toolchain/arm/arm-gnu-toolchain/bin/../lib/gcc/arm-none-eabi/6.3.1/thumb/v7-m/crtn.o
                0x00080ba8                . = ALIGN (0x4)
                0x00080ba8                __preinit_array_start = .
 *(.preinit_array)
                0x00080ba8                __preinit_array_end = .
                0x00080ba8                . = ALIGN (0x4)
                0x00080ba8                __init_array_start = .
 *(SORT(.init_array.*))
 .init_array.00000
                0x00080ba8        0x4 c:/program files (x86)/atmel/studio/7.0/toolchain/arm/arm-gnu-toolchain/bin/../lib/gcc/arm-none-eabi/6.3.1/../../../../arm-none-eabi/lib/thumb/v7-m\libc.a(lib_a-__call_atexit.o)
 *(.init_array)
 .init_array    0x00080bac        0x4 c:/program files (x86)/atmel/studio/7.0/toolchain/arm/arm-gnu-toolchain/bin/../lib/gcc/arm-none-eabi/6.3.1/thumb/v7-m/crtbegin.o
                0x00080bb0                __init_array_end = .
                0x00080bb0                . = ALIGN (0x4)
 *crtbegin.o(.ctors)
 *(EXCLUDE_FILE(*crtend.o) .ctors)
 *(SORT(.ctors.*))
 *crtend.o(.ctors)
                0x00080bb0                . = ALIGN (0x4)
 *(.fini)
 .fini          0x00080bb0        0x4 c:/program files (x86)/atmel/studio/7.0/toolchain/arm/arm-gnu-toolchain/bin/../lib/gcc/arm-none-eabi/6.3.1/thumb/v7-m/crti.o
                0x00080bb0                _fini
 .fini          0x00080bb4        0x8 c:/program files (x86)/atmel/studio/7.0/toolchain/arm/arm-gnu-toolchain/bin/../lib/gcc/arm-none-eabi/6.3.1/thumb/v7-m/crtn.o
                0x00080bbc                . = ALIGN (0x4)
                0x00080bbc                __fini_array_start = .
 *(.fini_array)
 .fini_array    0x00080bbc        0x4 c:/program files (x86)/atmel/studio/7.0/toolchain/arm/arm-gnu-toolchain/bin/../lib/gcc/arm-none-eabi/6.3.1/thumb/v7-m/crtbegin.o
 *(SORT(.fini_array.*))
                0x00080bc0                __fini_array_end = .
 *crtbegin.o(.dtors)
 *(EXCLUDE_FILE(*crtend.o) .dtors)
 *(SORT(.dtors.*))
 *crtend.o(.dtors)
                0x00080bc0                . = ALIGN (0x4)
                0x00080bc0                _efixed = .
                [!provide]                PROVIDE (__exidx_start, .)

.vfp11_veneer   0x00080bc0        0x0
 .vfp11_veneer  0x00080bc0        0x0 linker stubs

.v4_bx          0x00080bc0        0x0
 .v4_bx         0x00080bc0        0x0 linker stubs

.iplt           0x00080bc0        0x0
 .iplt          0x00080bc0        0x0 c:/program files (x86)/atmel/studio/7.0/toolchain/arm/arm-gnu-toolchain/bin/../lib/gcc/arm-none-eabi/6.3.1/thumb/v7-m/crtbegin.o

.eh_frame       0x00080bc0        0x0
 .eh_frame      0x00080bc0        0x0 c:/program files (x86)/atmel/studio/7.0/toolchain/arm/arm-gnu-toolchain/bin/../lib/gcc/arm-none-eabi/6.3.1/thumb/v7-m/crtbegin.o

.rel.dyn        0x00080bc0        0x0
 .rel.iplt      0x00080bc0        0x0 c:/program files (x86)/atmel/studio/7.0/toolchain/arm/arm-gnu-toolchain/bin/../lib/gcc/arm-none-eabi/6.3.1/thumb/v7-m/crtbegin.o

.jcr            0x00080bc0        0x0
 .jcr           0x00080bc0        0x0 c:/program files (x86)/atmel/studio/7.0/toolchain/arm/arm-gnu-toolchain/bin/../lib/gcc/arm-none-eabi/6.3.1/thumb/v7-m/crtbegin.o

.igot.plt       0x00080bc0        0x0
 .igot.plt      0x00080bc0        0x0 c:/program files (x86)/atmel/studio/7.0/toolchain/arm/arm-gnu-toolchain/bin/../lib/gcc/arm-none-eabi/6.3.1/thumb/v7-m/crtbegin.o

.ARM.exidx
 *(.ARM.exidx* .gnu.linkonce.armexidx.*)
                [!provide]                PROVIDE (__exidx_end, .)
                0x00080bc0                . = ALIGN (0x4)
                0x00080bc0                _etext = .

.relocate       0x20000000      0x434 load address 0x00080bc0
                0x20000000                . = ALIGN (0x4)
                0x20000000                _srelocate = .
 *(.ramfunc .ramfunc.*)
 *(.data .data.*)
 .data          0x20000000        0x4 Device_Startup/system_sam3xa.o
                0x20000000                SystemCoreClock
 *fill*         0x20000004        0x4 
 .data.impure_data
                0x20000008      0x428 c:/program files (x86)/atmel/studio/7.0/toolchain/arm/arm-gnu-toolchain/bin/../lib/gcc/arm-none-eabi/6.3.1/../../../../arm-none-eabi/lib/thumb/v7-m\libc.a(lib_a-impure.o)
 .data.__atexit_recursive_mutex
                0x20000430        0x4 c:/program files (x86)/atmel/studio/7.0/toolchain/arm/arm-gnu-toolchain/bin/../lib/gcc/arm-none-eabi/6.3.1/../../../../arm-none-eabi/lib/thumb/v7-m\libc.a(lib_a-__call_atexit.o)
                0x20000430                __atexit_recursive_mutex
                0x20000434                . = ALIGN (0x4)
                0x20000434                _erelocate = .

.bss            0x20000434       0x94 load address 0x00080ff4
                0x20000434                . = ALIGN (0x4)
                0x20000434                _sbss = .
                0x20000434                _szero = .
 *(.bss .bss.*)
 .bss           0x20000434       0x1c c:/program files (x86)/atmel/studio/7.0/toolchain/arm/arm-gnu-toolchain/bin/../lib/gcc/arm-none-eabi/6.3.1/thumb/v7-m/crtbegin.o
 .bss           0x20000450        0x4 delay.o
 *(COMMON)
 COMMON         0x20000454        0xc main.o
                0x20000454                message
 COMMON         0x20000460       0x42 uart.o
                0x20000460                rx_buffer
 *fill*         0x200004a2        0x2 
 COMMON         0x200004a4       0x21 c:/program files (x86)/atmel/studio/7.0/toolchain/arm/arm-gnu-toolchain/bin/../lib/gcc/arm-none-eabi/6.3.1/../../../../arm-none-eabi/lib/thumb/v7-m\libc.a(lib_a-lock.o)
                0x200004a4                __lock___atexit_recursive_mutex
                0x200004a8                __lock___arc4random_mutex
                0x200004ac                __lock___env_recursive_mutex
                0x200004b0                __lock___sinit_recursive_mutex
                0x200004b4                __lock___malloc_recursive_mutex
                0x200004b8                __lock___at_quick_exit_mutex
                0x200004bc                __lock___dd_hash_mutex
                0x200004c0                __lock___tz_mutex
                0x200004c4                __lock___sfp_recursive_mutex
                0x200004c8                . = ALIGN (0x4)
 *fill*         0x200004c5        0x3 
                0x200004c8                _ebss = .
                0x200004c8                _ezero = .

.stack          0x200004c8      0x400 load address 0x00081088
                0x200004c8                . = ALIGN (0x8)
                0x200004c8                _sstack = .
                0x200008c8                . = (. + STACK_SIZE)
 *fill*         0x200004c8      0x400 
                0x200008c8                . = ALIGN (0x8)
                0x200008c8                _estack = .

.heap           0x200008c8      0x200 load address 0x00081488
                0x200008c8                . = ALIGN (0x8)
                0x200008c8                _sheap = .
                0x20000ac8                . = (. + HEAP_SIZE)
 *fill*         0x200008c8      0x200 
                0x20000ac8                . = ALIGN (0x8)
                0x20000ac8                _eheap = .
                0x20000ac8                . = ALIGN (0x4)
                0x20000ac8                _end = .
                0x20017fff                _ram_end_ = ((ORIGIN (ram) + LENGTH (ram)) - 0x1)
OUTPUT(Gruppe36_Node_2.elf elf32-littlearm)

.ARM.attributes
                0x00000000       0x29
 .ARM.attributes
                0x00000000       0x1d c:/program files (x86)/atmel/studio/7.0/toolchain/arm/arm-gnu-toolchain/bin/../lib/gcc/arm-none-eabi/6.3.1/thumb/v7-m/crti.o
 .ARM.attributes
                0x0000001d       0x2d c:/program files (x86)/atmel/studio/7.0/toolchain/arm/arm-gnu-toolchain/bin/../lib/gcc/arm-none-eabi/6.3.1/thumb/v7-m/crtbegin.o
 .ARM.attributes
                0x0000004a       0x33 adc.o
 .ARM.attributes
                0x0000007d       0x33 can_controller.o
 .ARM.attributes
                0x000000b0       0x33 dac_driver.o
 .ARM.attributes
                0x000000e3       0x33 delay.o
 .ARM.attributes
                0x00000116       0x33 Device_Startup/startup_sam3xa.o
 .ARM.attributes
                0x00000149       0x33 Device_Startup/system_sam3xa.o
 .ARM.attributes
                0x0000017c       0x33 main.o
 .ARM.attributes
                0x000001af       0x33 motor_driver.o
 .ARM.attributes
                0x000001e2       0x33 printf-stdarg.o
 .ARM.attributes
                0x00000215       0x33 pwm.o
 .ARM.attributes
                0x00000248       0x33 uart.o
 .ARM.attributes
                0x0000027b       0x2d c:/program files (x86)/atmel/studio/7.0/toolchain/arm/arm-gnu-toolchain/bin/../lib/gcc/arm-none-eabi/6.3.1/../../../../arm-none-eabi/lib/thumb/v7-m\libc.a(lib_a-impure.o)
 .ARM.attributes
                0x000002a8       0x2d c:/program files (x86)/atmel/studio/7.0/toolchain/arm/arm-gnu-toolchain/bin/../lib/gcc/arm-none-eabi/6.3.1/../../../../arm-none-eabi/lib/thumb/v7-m\libc.a(lib_a-init.o)
 .ARM.attributes
                0x000002d5       0x2d c:/program files (x86)/atmel/studio/7.0/toolchain/arm/arm-gnu-toolchain/bin/../lib/gcc/arm-none-eabi/6.3.1/../../../../arm-none-eabi/lib/thumb/v7-m\libc.a(lib_a-__call_atexit.o)
 .ARM.attributes
                0x00000302       0x2d c:/program files (x86)/atmel/studio/7.0/toolchain/arm/arm-gnu-toolchain/bin/../lib/gcc/arm-none-eabi/6.3.1/../../../../arm-none-eabi/lib/thumb/v7-m\libc.a(lib_a-atexit.o)
 .ARM.attributes
                0x0000032f       0x2d c:/program files (x86)/atmel/studio/7.0/toolchain/arm/arm-gnu-toolchain/bin/../lib/gcc/arm-none-eabi/6.3.1/../../../../arm-none-eabi/lib/thumb/v7-m\libc.a(lib_a-fini.o)
 .ARM.attributes
                0x0000035c       0x2d c:/program files (x86)/atmel/studio/7.0/toolchain/arm/arm-gnu-toolchain/bin/../lib/gcc/arm-none-eabi/6.3.1/../../../../arm-none-eabi/lib/thumb/v7-m\libc.a(lib_a-lock.o)
 .ARM.attributes
                0x00000389       0x2d c:/program files (x86)/atmel/studio/7.0/toolchain/arm/arm-gnu-toolchain/bin/../lib/gcc/arm-none-eabi/6.3.1/../../../../arm-none-eabi/lib/thumb/v7-m\libc.a(lib_a-__atexit.o)
 .ARM.attributes
                0x000003b6       0x1d c:/program files (x86)/atmel/studio/7.0/toolchain/arm/arm-gnu-toolchain/bin/../lib/gcc/arm-none-eabi/6.3.1/thumb/v7-m/crtn.o

.comment        0x00000000       0x59
 .comment       0x00000000       0x59 adc.o
                                 0x5a (size before relaxing)
 .comment       0x00000059       0x5a can_controller.o
 .comment       0x00000059       0x5a dac_driver.o
 .comment       0x00000059       0x5a delay.o
 .comment       0x00000059       0x5a Device_Startup/startup_sam3xa.o
 .comment       0x00000059       0x5a Device_Startup/system_sam3xa.o
 .comment       0x00000059       0x5a main.o
 .comment       0x00000059       0x5a motor_driver.o
 .comment       0x00000059       0x5a printf-stdarg.o
 .comment       0x00000059       0x5a pwm.o
 .comment       0x00000059       0x5a uart.o

.debug_info     0x00000000     0x59a8
 .debug_info    0x00000000      0x627 adc.o
 .debug_info    0x00000627      0xdb0 can_controller.o
 .debug_info    0x000013d7      0x584 dac_driver.o
 .debug_info    0x0000195b      0x653 delay.o
 .debug_info    0x00001fae      0x74e Device_Startup/startup_sam3xa.o
 .debug_info    0x000026fc      0x444 Device_Startup/system_sam3xa.o
 .debug_info    0x00002b40      0x7c6 main.o
 .debug_info    0x00003306      0x7fe motor_driver.o
 .debug_info    0x00003b04      0x60b printf-stdarg.o
 .debug_info    0x0000410f      0xc4e pwm.o
 .debug_info    0x00004d5d      0xc4b uart.o

.debug_abbrev   0x00000000     0x1173
 .debug_abbrev  0x00000000      0x124 adc.o
 .debug_abbrev  0x00000124      0x248 can_controller.o
 .debug_abbrev  0x0000036c       0xf7 dac_driver.o
 .debug_abbrev  0x00000463      0x195 delay.o
 .debug_abbrev  0x000005f8      0x153 Device_Startup/startup_sam3xa.o
 .debug_abbrev  0x0000074b      0x102 Device_Startup/system_sam3xa.o
 .debug_abbrev  0x0000084d      0x230 main.o
 .debug_abbrev  0x00000a7d      0x186 motor_driver.o
 .debug_abbrev  0x00000c03      0x194 printf-stdarg.o
 .debug_abbrev  0x00000d97      0x1a1 pwm.o
 .debug_abbrev  0x00000f38      0x23b uart.o

.debug_loc      0x00000000     0x1005
 .debug_loc     0x00000000       0x3a adc.o
 .debug_loc     0x0000003a      0x2d5 can_controller.o
 .debug_loc     0x0000030f       0x21 dac_driver.o
 .debug_loc     0x00000330       0x3e delay.o
 .debug_loc     0x0000036e       0x78 Device_Startup/startup_sam3xa.o
 .debug_loc     0x000003e6       0x55 main.o
 .debug_loc     0x0000043b      0x125 motor_driver.o
 .debug_loc     0x00000560      0x8d2 printf-stdarg.o
 .debug_loc     0x00000e32      0x105 pwm.o
 .debug_loc     0x00000f37       0xce uart.o

.debug_aranges  0x00000000      0x230
 .debug_aranges
                0x00000000       0x30 adc.o
 .debug_aranges
                0x00000030       0x40 can_controller.o
 .debug_aranges
                0x00000070       0x28 dac_driver.o
 .debug_aranges
                0x00000098       0x28 delay.o
 .debug_aranges
                0x000000c0       0x28 Device_Startup/startup_sam3xa.o
 .debug_aranges
                0x000000e8       0x30 Device_Startup/system_sam3xa.o
 .debug_aranges
                0x00000118       0x28 main.o
 .debug_aranges
                0x00000140       0x38 motor_driver.o
 .debug_aranges
                0x00000178       0x50 printf-stdarg.o
 .debug_aranges
                0x000001c8       0x30 pwm.o
 .debug_aranges
                0x000001f8       0x38 uart.o

.debug_ranges   0x00000000      0x198
 .debug_ranges  0x00000000       0x20 adc.o
 .debug_ranges  0x00000020       0x30 can_controller.o
 .debug_ranges  0x00000050       0x18 dac_driver.o
 .debug_ranges  0x00000068       0x18 delay.o
 .debug_ranges  0x00000080       0x18 Device_Startup/startup_sam3xa.o
 .debug_ranges  0x00000098       0x20 Device_Startup/system_sam3xa.o
 .debug_ranges  0x000000b8       0x18 main.o
 .debug_ranges  0x000000d0       0x28 motor_driver.o
 .debug_ranges  0x000000f8       0x58 printf-stdarg.o
 .debug_ranges  0x00000150       0x20 pwm.o
 .debug_ranges  0x00000170       0x28 uart.o

.debug_macro    0x00000000    0x11c37
 .debug_macro   0x00000000      0x375 adc.o
 .debug_macro   0x00000375      0x8b0 adc.o
 .debug_macro   0x00000c25       0x22 adc.o
 .debug_macro   0x00000c47       0x87 adc.o
 .debug_macro   0x00000cce       0x51 adc.o
 .debug_macro   0x00000d1f       0xef adc.o
 .debug_macro   0x00000e0e       0x6a adc.o
 .debug_macro   0x00000e78      0x1df adc.o
 .debug_macro   0x00001057       0x20 adc.o
 .debug_macro   0x00001077       0x1c adc.o
 .debug_macro   0x00001093       0x22 adc.o
 .debug_macro   0x000010b5       0xc3 adc.o
 .debug_macro   0x00001178      0xe49 adc.o
 .debug_macro   0x00001fc1      0x11f adc.o
 .debug_macro   0x000020e0      0xa7d adc.o
 .debug_macro   0x00002b5d      0x55a adc.o
 .debug_macro   0x000030b7      0x1a8 adc.o
 .debug_macro   0x0000325f      0x30b adc.o
 .debug_macro   0x0000356a      0x709 adc.o
 .debug_macro   0x00003c73       0xd6 adc.o
 .debug_macro   0x00003d49      0x56c adc.o
 .debug_macro   0x000042b5       0x1c adc.o
 .debug_macro   0x000042d1      0x678 adc.o
 .debug_macro   0x00004949      0x51e adc.o
 .debug_macro   0x00004e67       0xbe adc.o
 .debug_macro   0x00004f25     0x2333 adc.o
 .debug_macro   0x00007258      0x7d1 adc.o
 .debug_macro   0x00007a29      0xdbb adc.o
 .debug_macro   0x000087e4       0x9a adc.o
 .debug_macro   0x0000887e      0x29c adc.o
 .debug_macro   0x00008b1a       0x58 adc.o
 .debug_macro   0x00008b72      0x999 adc.o
 .debug_macro   0x0000950b      0x22d adc.o
 .debug_macro   0x00009738      0x4b4 adc.o
 .debug_macro   0x00009bec      0x64a adc.o
 .debug_macro   0x0000a236      0x590 adc.o
 .debug_macro   0x0000a7c6       0x46 adc.o
 .debug_macro   0x0000a80c      0x33f adc.o
 .debug_macro   0x0000ab4b      0x27e adc.o
 .debug_macro   0x0000adc9     0x14dc adc.o
 .debug_macro   0x0000c2a5      0x7cf adc.o
 .debug_macro   0x0000ca74       0x76 adc.o
 .debug_macro   0x0000caea       0x82 adc.o
 .debug_macro   0x0000cb6c       0x76 adc.o
 .debug_macro   0x0000cbe2       0x4c adc.o
 .debug_macro   0x0000cc2e      0x100 adc.o
 .debug_macro   0x0000cd2e      0x100 adc.o
 .debug_macro   0x0000ce2e      0x100 adc.o
 .debug_macro   0x0000cf2e       0x88 adc.o
 .debug_macro   0x0000cfb6       0x88 adc.o
 .debug_macro   0x0000d03e      0x3b4 adc.o
 .debug_macro   0x0000d3f2       0xbe adc.o
 .debug_macro   0x0000d4b0       0xbe adc.o
 .debug_macro   0x0000d56e       0xbe adc.o
 .debug_macro   0x0000d62c       0xbe adc.o
 .debug_macro   0x0000d6ea      0x2b8 adc.o
 .debug_macro   0x0000d9a2      0x118 adc.o
 .debug_macro   0x0000daba      0x216 adc.o
 .debug_macro   0x0000dcd0      0x216 adc.o
 .debug_macro   0x0000dee6       0x2e adc.o
 .debug_macro   0x0000df14       0xac adc.o
 .debug_macro   0x0000dfc0      0x13e adc.o
 .debug_macro   0x0000e0fe       0x7c adc.o
 .debug_macro   0x0000e17a      0x1f6 adc.o
 .debug_macro   0x0000e370       0x64 adc.o
 .debug_macro   0x0000e3d4       0xa6 adc.o
 .debug_macro   0x0000e47a       0x7c adc.o
 .debug_macro   0x0000e4f6       0x16 adc.o
 .debug_macro   0x0000e50c       0x22 adc.o
 .debug_macro   0x0000e52e       0x22 adc.o
 .debug_macro   0x0000e550      0x10c adc.o
 .debug_macro   0x0000e65c      0x10c adc.o
 .debug_macro   0x0000e768      0x10c adc.o
 .debug_macro   0x0000e874      0x10c adc.o
 .debug_macro   0x0000e980       0x1c adc.o
 .debug_macro   0x0000e99c       0x2e adc.o
 .debug_macro   0x0000e9ca       0x22 adc.o
 .debug_macro   0x0000e9ec       0x1c adc.o
 .debug_macro   0x0000ea08       0x58 adc.o
 .debug_macro   0x0000ea60       0x10 adc.o
 .debug_macro   0x0000ea70      0x27a adc.o
 .debug_macro   0x0000ecea      0xd34 adc.o
 .debug_macro   0x0000fa1e      0x170 adc.o
 .debug_macro   0x0000fb8e      0x37f can_controller.o
 .debug_macro   0x0000ff0d       0x26 can_controller.o
 .debug_macro   0x0000ff33      0x375 dac_driver.o
 .debug_macro   0x000102a8      0x375 delay.o
 .debug_macro   0x0001061d      0x371 Device_Startup/startup_sam3xa.o
 .debug_macro   0x0001098e      0x383 Device_Startup/system_sam3xa.o
 .debug_macro   0x00010d11      0x3a2 main.o
 .debug_macro   0x000110b3       0x10 main.o
 .debug_macro   0x000110c3      0x39b motor_driver.o
 .debug_macro   0x0001145e       0x8e printf-stdarg.o
 .debug_macro   0x000114ec       0x58 printf-stdarg.o
 .debug_macro   0x00011544      0x37f pwm.o
 .debug_macro   0x000118c3      0x374 uart.o

.debug_line     0x00000000     0x4d76
 .debug_line    0x00000000      0x720 adc.o
 .debug_line    0x00000720      0x7ee can_controller.o
 .debug_line    0x00000f0e      0x714 dac_driver.o
 .debug_line    0x00001622      0x720 delay.o
 .debug_line    0x00001d42      0x728 Device_Startup/startup_sam3xa.o
 .debug_line    0x0000246a      0x785 Device_Startup/system_sam3xa.o
 .debug_line    0x00002bef      0x7b4 main.o
 .debug_line    0x000033a3      0x76e motor_driver.o
 .debug_line    0x00003b11      0x3cb printf-stdarg.o
 .debug_line    0x00003edc      0x731 pwm.o
 .debug_line    0x0000460d      0x769 uart.o

.debug_str      0x00000000    0x514de
 .debug_str     0x00000000    0x50067 adc.o
                              0x5020f (size before relaxing)
 .debug_str     0x00050067      0x661 can_controller.o
                              0x5070e (size before relaxing)
 .debug_str     0x000506c8       0xdc dac_driver.o
                              0x501cf (size before relaxing)
 .debug_str     0x000507a4       0xb4 delay.o
                              0x50327 (size before relaxing)
 .debug_str     0x00050858      0x4b2 Device_Startup/startup_sam3xa.o
                              0x504d2 (size before relaxing)
 .debug_str     0x00050d0a      0x195 Device_Startup/system_sam3xa.o
                              0x50265 (size before relaxing)
 .debug_str     0x00050e9f       0x89 main.o
                              0x50477 (size before relaxing)
 .debug_str     0x00050f28       0xbe motor_driver.o
                              0x50386 (size before relaxing)
 .debug_str     0x00050fe6      0x1c1 printf-stdarg.o
                               0x3658 (size before relaxing)
 .debug_str     0x000511a7      0x234 pwm.o
                              0x504f1 (size before relaxing)
 .debug_str     0x000513db      0x103 uart.o
                              0x506af (size before relaxing)

.debug_frame    0x00000000      0x608
 .debug_frame   0x00000000       0x40 adc.o
 .debug_frame   0x00000040       0x98 can_controller.o
 .debug_frame   0x000000d8       0x30 dac_driver.o
 .debug_frame   0x00000108       0x30 delay.o
 .debug_frame   0x00000138       0x38 Device_Startup/startup_sam3xa.o
 .debug_frame   0x00000170       0x40 Device_Startup/system_sam3xa.o
 .debug_frame   0x000001b0       0x40 main.o
 .debug_frame   0x000001f0       0x80 motor_driver.o
 .debug_frame   0x00000270      0x124 printf-stdarg.o
 .debug_frame   0x00000394       0x5c pwm.o
 .debug_frame   0x000003f0       0x58 uart.o
 .debug_frame   0x00000448       0x2c c:/program files (x86)/atmel/studio/7.0/toolchain/arm/arm-gnu-toolchain/bin/../lib/gcc/arm-none-eabi/6.3.1/../../../../arm-none-eabi/lib/thumb/v7-m\libc.a(lib_a-init.o)
 .debug_frame   0x00000474       0x5c c:/program files (x86)/atmel/studio/7.0/toolchain/arm/arm-gnu-toolchain/bin/../lib/gcc/arm-none-eabi/6.3.1/../../../../arm-none-eabi/lib/thumb/v7-m\libc.a(lib_a-__call_atexit.o)
 .debug_frame   0x000004d0       0x20 c:/program files (x86)/atmel/studio/7.0/toolchain/arm/arm-gnu-toolchain/bin/../lib/gcc/arm-none-eabi/6.3.1/../../../../arm-none-eabi/lib/thumb/v7-m\libc.a(lib_a-atexit.o)
 .debug_frame   0x000004f0       0x34 c:/program files (x86)/atmel/studio/7.0/toolchain/arm/arm-gnu-toolchain/bin/../lib/gcc/arm-none-eabi/6.3.1/../../../../arm-none-eabi/lib/thumb/v7-m\libc.a(lib_a-fini.o)
 .debug_frame   0x00000524       0xb0 c:/program files (x86)/atmel/studio/7.0/toolchain/arm/arm-gnu-toolchain/bin/../lib/gcc/arm-none-eabi/6.3.1/../../../../arm-none-eabi/lib/thumb/v7-m\libc.a(lib_a-lock.o)
 .debug_frame   0x000005d4       0x34 c:/program files (x86)/atmel/studio/7.0/toolchain/arm/arm-gnu-toolchain/bin/../lib/gcc/arm-none-eabi/6.3.1/../../../../arm-none-eabi/lib/thumb/v7-m\libc.a(lib_a-__atexit.o)
